  console.log
    PostgreSQL connected via Prisma

      at log (config/db.js:28:13)

  console.error
    Email send failed: Missing credentials for "PLAIN"

    [0m [90m 26 |[39m     [36mreturn[39m [36mtrue[39m[33m;[39m
     [90m 27 |[39m   } [36mcatch[39m (error) {
    [31m[1m>[22m[39m[90m 28 |[39m     console[33m.[39merror([32m'Email send failed:'[39m[33m,[39m error[33m.[39mmessage)[33m;[39m
     [90m    |[39m             [31m[1m^[22m[39m
     [90m 29 |[39m     [36mreturn[39m [36mfalse[39m[33m;[39m
     [90m 30 |[39m   }
     [90m 31 |[39m }[33m;[39m[0m

      at error (services/notificationService.js:28:13)
      at dispatchEventCreated (services/inAppNotificationService.js:77:5)
      at controllers/eventController.js:68:3

  console.error
    Email send failed: Missing credentials for "PLAIN"

    [0m [90m 26 |[39m     [36mreturn[39m [36mtrue[39m[33m;[39m
     [90m 27 |[39m   } [36mcatch[39m (error) {
    [31m[1m>[22m[39m[90m 28 |[39m     console[33m.[39merror([32m'Email send failed:'[39m[33m,[39m error[33m.[39mmessage)[33m;[39m
     [90m    |[39m             [31m[1m^[22m[39m
     [90m 29 |[39m     [36mreturn[39m [36mfalse[39m[33m;[39m
     [90m 30 |[39m   }
     [90m 31 |[39m }[33m;[39m[0m

      at error (services/notificationService.js:28:13)
      at dispatchEventCreated (services/inAppNotificationService.js:77:5)
      at controllers/eventController.js:68:3

  console.error
    Email send failed: Missing credentials for "PLAIN"

    [0m [90m 26 |[39m     [36mreturn[39m [36mtrue[39m[33m;[39m
     [90m 27 |[39m   } [36mcatch[39m (error) {
    [31m[1m>[22m[39m[90m 28 |[39m     console[33m.[39merror([32m'Email send failed:'[39m[33m,[39m error[33m.[39mmessage)[33m;[39m
     [90m    |[39m             [31m[1m^[22m[39m
     [90m 29 |[39m     [36mreturn[39m [36mfalse[39m[33m;[39m
     [90m 30 |[39m   }
     [90m 31 |[39m }[33m;[39m[0m

      at error (services/notificationService.js:28:13)
      at dispatchEventCreated (services/inAppNotificationService.js:77:5)
      at controllers/eventController.js:68:3

  console.error
    Email send failed: Missing credentials for "PLAIN"

    [0m [90m 26 |[39m     [36mreturn[39m [36mtrue[39m[33m;[39m
     [90m 27 |[39m   } [36mcatch[39m (error) {
    [31m[1m>[22m[39m[90m 28 |[39m     console[33m.[39merror([32m'Email send failed:'[39m[33m,[39m error[33m.[39mmessage)[33m;[39m
     [90m    |[39m             [31m[1m^[22m[39m
     [90m 29 |[39m     [36mreturn[39m [36mfalse[39m[33m;[39m
     [90m 30 |[39m   }
     [90m 31 |[39m }[33m;[39m[0m

      at error (services/notificationService.js:28:13)
      at dispatchEventCreated (services/inAppNotificationService.js:77:5)
      at controllers/eventController.js:68:3

  console.error
    Email send failed: Missing credentials for "PLAIN"

    [0m [90m 26 |[39m     [36mreturn[39m [36mtrue[39m[33m;[39m
     [90m 27 |[39m   } [36mcatch[39m (error) {
    [31m[1m>[22m[39m[90m 28 |[39m     console[33m.[39merror([32m'Email send failed:'[39m[33m,[39m error[33m.[39mmessage)[33m;[39m
     [90m    |[39m             [31m[1m^[22m[39m
     [90m 29 |[39m     [36mreturn[39m [36mfalse[39m[33m;[39m
     [90m 30 |[39m   }
     [90m 31 |[39m }[33m;[39m[0m

      at error (services/notificationService.js:28:13)
      at dispatchEventCreated (services/inAppNotificationService.js:77:5)
      at controllers/eventController.js:68:3

  console.log
    prisma:error 
    Invalid `prisma.event.findUnique()` invocation in
    C:\Users\wwwsa\OneDrive\Desktop\Event_Management\backend\controllers\eventController.js:101:36
    
       98 
       99 // GET /api/events/:id
      100 exports.getEvent = asyncHandler(async (req, res) => {
    ΓåÆ 101   const event = await prisma.event.findUnique({
              where: {
            +   id: Int
              },
              include: {
                organizer: {
                  select: {
                    id: true,
                    name: true,
                    email: true
                  }
                }
              }
            })
    
    Argument `id` is missing.

      at Object.mc (node_modules/@prisma/client/runtime/library.js:21:432)

  console.error
    PrismaClientValidationError: 
    Invalid `prisma.event.findUnique()` invocation in
    C:\Users\wwwsa\OneDrive\Desktop\Event_Management\backend\controllers\eventController.js:101:36
    
       98 
       99 // GET /api/events/:id
      100 exports.getEvent = asyncHandler(async (req, res) => {
    ΓåÆ 101   const event = await prisma.event.findUnique({
              where: {
            +   id: Int
              },
              include: {
                organizer: {
                  select: {
                    id: true,
                    name: true,
                    email: true
                  }
                }
              }
            })
    
    Argument `id` is missing.
        at wn (C:\Users\wwwsa\OneDrive\Desktop\Event_Management\backend\node_modules\@prisma\client\runtime\library.js:29:1363)
        at $n.handleRequestError (C:\Users\wwwsa\OneDrive\Desktop\Event_Management\backend\node_modules\@prisma\client\runtime\library.js:121:6958)
        at $n.handleAndLogRequestError (C:\Users\wwwsa\OneDrive\Desktop\Event_Management\backend\node_modules\@prisma\client\runtime\library.js:121:6623)
        at $n.request (C:\Users\wwwsa\OneDrive\Desktop\Event_Management\backend\node_modules\@prisma\client\runtime\library.js:121:6307)
        at l (C:\Users\wwwsa\OneDrive\Desktop\Event_Management\backend\node_modules\@prisma\client\runtime\library.js:130:9633)
        at C:\Users\wwwsa\OneDrive\Desktop\Event_Management\backend\controllers\eventController.js:101:17

    [0m [90m 2 |[39m
     [90m 3 |[39m [36mconst[39m errorHandler [33m=[39m (err[33m,[39m req[33m,[39m res[33m,[39m _next) [33m=>[39m {
    [31m[1m>[22m[39m[90m 4 |[39m   console[33m.[39merror(err[33m.[39mstack)[33m;[39m
     [90m   |[39m           [31m[1m^[22m[39m
     [90m 5 |[39m
     [90m 6 |[39m   [90m// Prisma known request error (unique constraint, not found, etc.)[39m
     [90m 7 |[39m   [36mif[39m (err [36minstanceof[39m [33mPrisma[39m[33m.[39m[33mPrismaClientKnownRequestError[39m) {[0m

      at error (middleware/errorHandler.js:4:11)
      at Layer.handle_error (node_modules/express/lib/router/layer.js:71:5)
      at trim_prefix (node_modules/express/lib/router/index.js:326:13)
      at node_modules/express/lib/router/index.js:286:9
      at router.process_params (node_modules/express/lib/router/index.js:346:12)
      at next (node_modules/express/lib/router/index.js:280:10)
      at node_modules/express/lib/router/index.js:646:15
      at next (node_modules/express/lib/router/index.js:265:14)
      at next (node_modules/express/lib/router/route.js:141:14)

  console.error
    Email send failed: Missing credentials for "PLAIN"

    [0m [90m 26 |[39m     [36mreturn[39m [36mtrue[39m[33m;[39m
     [90m 27 |[39m   } [36mcatch[39m (error) {
    [31m[1m>[22m[39m[90m 28 |[39m     console[33m.[39merror([32m'Email send failed:'[39m[33m,[39m error[33m.[39mmessage)[33m;[39m
     [90m    |[39m             [31m[1m^[22m[39m
     [90m 29 |[39m     [36mreturn[39m [36mfalse[39m[33m;[39m
     [90m 30 |[39m   }
     [90m 31 |[39m }[33m;[39m[0m

      at error (services/notificationService.js:28:13)
      at dispatchEventCreated (services/inAppNotificationService.js:77:5)
      at controllers/eventController.js:68:3

  console.error
    Email send failed: Missing credentials for "PLAIN"

    [0m [90m 26 |[39m     [36mreturn[39m [36mtrue[39m[33m;[39m
     [90m 27 |[39m   } [36mcatch[39m (error) {
    [31m[1m>[22m[39m[90m 28 |[39m     console[33m.[39merror([32m'Email send failed:'[39m[33m,[39m error[33m.[39mmessage)[33m;[39m
     [90m    |[39m             [31m[1m^[22m[39m
     [90m 29 |[39m     [36mreturn[39m [36mfalse[39m[33m;[39m
     [90m 30 |[39m   }
     [90m 31 |[39m }[33m;[39m[0m

      at error (services/notificationService.js:28:13)
      at dispatchEventCreated (services/inAppNotificationService.js:77:5)
      at controllers/eventController.js:68:3

  console.error
    Email send failed: Missing credentials for "PLAIN"

    [0m [90m 26 |[39m     [36mreturn[39m [36mtrue[39m[33m;[39m
     [90m 27 |[39m   } [36mcatch[39m (error) {
    [31m[1m>[22m[39m[90m 28 |[39m     console[33m.[39merror([32m'Email send failed:'[39m[33m,[39m error[33m.[39mmessage)[33m;[39m
     [90m    |[39m             [31m[1m^[22m[39m
     [90m 29 |[39m     [36mreturn[39m [36mfalse[39m[33m;[39m
     [90m 30 |[39m   }
     [90m 31 |[39m }[33m;[39m[0m

      at error (services/notificationService.js:28:13)
      at dispatchEventCreated (services/inAppNotificationService.js:77:5)
      at controllers/eventController.js:68:3

  console.error
    Email send failed: Missing credentials for "PLAIN"

    [0m [90m 26 |[39m     [36mreturn[39m [36mtrue[39m[33m;[39m
     [90m 27 |[39m   } [36mcatch[39m (error) {
    [31m[1m>[22m[39m[90m 28 |[39m     console[33m.[39merror([32m'Email send failed:'[39m[33m,[39m error[33m.[39mmessage)[33m;[39m
     [90m    |[39m             [31m[1m^[22m[39m
     [90m 29 |[39m     [36mreturn[39m [36mfalse[39m[33m;[39m
     [90m 30 |[39m   }
     [90m 31 |[39m }[33m;[39m[0m

      at error (services/notificationService.js:28:13)
      at dispatchEventCreated (services/inAppNotificationService.js:77:5)
      at controllers/eventController.js:68:3

  console.error
    Email send failed: Missing credentials for "PLAIN"

    [0m [90m 26 |[39m     [36mreturn[39m [36mtrue[39m[33m;[39m
     [90m 27 |[39m   } [36mcatch[39m (error) {
    [31m[1m>[22m[39m[90m 28 |[39m     console[33m.[39merror([32m'Email send failed:'[39m[33m,[39m error[33m.[39mmessage)[33m;[39m
     [90m    |[39m             [31m[1m^[22m[39m
     [90m 29 |[39m     [36mreturn[39m [36mfalse[39m[33m;[39m
     [90m 30 |[39m   }
     [90m 31 |[39m }[33m;[39m[0m

      at error (services/notificationService.js:28:13)
      at dispatchEventCreated (services/inAppNotificationService.js:77:5)
      at controllers/eventController.js:68:3

  console.error
    Email send failed: Missing credentials for "PLAIN"

    [0m [90m 26 |[39m     [36mreturn[39m [36mtrue[39m[33m;[39m
     [90m 27 |[39m   } [36mcatch[39m (error) {
    [31m[1m>[22m[39m[90m 28 |[39m     console[33m.[39merror([32m'Email send failed:'[39m[33m,[39m error[33m.[39mmessage)[33m;[39m
     [90m    |[39m             [31m[1m^[22m[39m
     [90m 29 |[39m     [36mreturn[39m [36mfalse[39m[33m;[39m
     [90m 30 |[39m   }
     [90m 31 |[39m }[33m;[39m[0m

      at error (services/notificationService.js:28:13)
      at dispatchEventCreated (services/inAppNotificationService.js:77:5)
      at controllers/eventController.js:68:3

  console.error
    Email send failed: Missing credentials for "PLAIN"

    [0m [90m 26 |[39m     [36mreturn[39m [36mtrue[39m[33m;[39m
     [90m 27 |[39m   } [36mcatch[39m (error) {
    [31m[1m>[22m[39m[90m 28 |[39m     console[33m.[39merror([32m'Email send failed:'[39m[33m,[39m error[33m.[39mmessage)[33m;[39m
     [90m    |[39m             [31m[1m^[22m[39m
     [90m 29 |[39m     [36mreturn[39m [36mfalse[39m[33m;[39m
     [90m 30 |[39m   }
     [90m 31 |[39m }[33m;[39m[0m

      at error (services/notificationService.js:28:13)
      at dispatchEventCreated (services/inAppNotificationService.js:77:5)
      at controllers/eventController.js:68:3

  console.error
    Email send failed: Missing credentials for "PLAIN"

    [0m [90m 26 |[39m     [36mreturn[39m [36mtrue[39m[33m;[39m
     [90m 27 |[39m   } [36mcatch[39m (error) {
    [31m[1m>[22m[39m[90m 28 |[39m     console[33m.[39merror([32m'Email send failed:'[39m[33m,[39m error[33m.[39mmessage)[33m;[39m
     [90m    |[39m             [31m[1m^[22m[39m
     [90m 29 |[39m     [36mreturn[39m [36mfalse[39m[33m;[39m
     [90m 30 |[39m   }
     [90m 31 |[39m }[33m;[39m[0m

      at error (services/notificationService.js:28:13)
      at dispatchEventCreated (services/inAppNotificationService.js:77:5)
      at controllers/eventController.js:68:3

  console.error
    Email send failed: Missing credentials for "PLAIN"

    [0m [90m 26 |[39m     [36mreturn[39m [36mtrue[39m[33m;[39m
     [90m 27 |[39m   } [36mcatch[39m (error) {
    [31m[1m>[22m[39m[90m 28 |[39m     console[33m.[39merror([32m'Email send failed:'[39m[33m,[39m error[33m.[39mmessage)[33m;[39m
     [90m    |[39m             [31m[1m^[22m[39m
     [90m 29 |[39m     [36mreturn[39m [36mfalse[39m[33m;[39m
     [90m 30 |[39m   }
     [90m 31 |[39m }[33m;[39m[0m

      at error (services/notificationService.js:28:13)
      at dispatchEventCreated (services/inAppNotificationService.js:77:5)
      at controllers/eventController.js:68:3

  console.error
    Email send failed: Missing credentials for "PLAIN"

    [0m [90m 26 |[39m     [36mreturn[39m [36mtrue[39m[33m;[39m
     [90m 27 |[39m   } [36mcatch[39m (error) {
    [31m[1m>[22m[39m[90m 28 |[39m     console[33m.[39merror([32m'Email send failed:'[39m[33m,[39m error[33m.[39mmessage)[33m;[39m
     [90m    |[39m             [31m[1m^[22m[39m
     [90m 29 |[39m     [36mreturn[39m [36mfalse[39m[33m;[39m
     [90m 30 |[39m   }
     [90m 31 |[39m }[33m;[39m[0m

      at error (services/notificationService.js:28:13)
      at dispatchEventCreated (services/inAppNotificationService.js:77:5)
      at controllers/eventController.js:68:3

  console.error
    Email send failed: Missing credentials for "PLAIN"

    [0m [90m 26 |[39m     [36mreturn[39m [36mtrue[39m[33m;[39m
     [90m 27 |[39m   } [36mcatch[39m (error) {
    [31m[1m>[22m[39m[90m 28 |[39m     console[33m.[39merror([32m'Email send failed:'[39m[33m,[39m error[33m.[39mmessage)[33m;[39m
     [90m    |[39m             [31m[1m^[22m[39m
     [90m 29 |[39m     [36mreturn[39m [36mfalse[39m[33m;[39m
     [90m 30 |[39m   }
     [90m 31 |[39m }[33m;[39m[0m

      at error (services/notificationService.js:28:13)
      at dispatchEventCreated (services/inAppNotificationService.js:77:5)
      at controllers/eventController.js:68:3

  console.error
    Email send failed: Missing credentials for "PLAIN"

    [0m [90m 26 |[39m       html[33m,[39m
     [90m 27 |[39m     })[33m;[39m
    [31m[1m>[22m[39m[90m 28 |[39m     console[33m.[39mlog([32m`Email sent to ${to}`[39m)[33m;[39m
     [90m    |[39m             [31m[1m^[22m[39m
     [90m 29 |[39m     [36mreturn[39m [36mtrue[39m[33m;[39m
     [90m 30 |[39m   } [36mcatch[39m (error) {
     [90m 31 |[39m     console[33m.[39merror([32m'Email send failed:'[39m[33m,[39m error[33m.[39mmessage)[33m;[39m[0m

      at error (services/notificationService.js:28:13)
      at dispatchEventCreated (services/inAppNotificationService.js:77:5)
      at controllers/eventController.js:68:3

  console.error
    Email send failed: Missing credentials for "PLAIN"

    [0m [90m 26 |[39m       html[33m,[39m
     [90m 27 |[39m     })[33m;[39m
    [31m[1m>[22m[39m[90m 28 |[39m     console[33m.[39mlog([32m`Email sent to ${to}`[39m)[33m;[39m
     [90m    |[39m             [31m[1m^[22m[39m
     [90m 29 |[39m     [36mreturn[39m [36mtrue[39m[33m;[39m
     [90m 30 |[39m   } [36mcatch[39m (error) {
     [90m 31 |[39m     console[33m.[39merror([32m'Email send failed:'[39m[33m,[39m error[33m.[39mmessage)[33m;[39m[0m

      at error (services/notificationService.js:28:13)
      at dispatchEventCreated (services/inAppNotificationService.js:77:5)
      at controllers/eventController.js:68:3

  console.error
    Email send failed: Missing credentials for "PLAIN"

    [0m [90m 26 |[39m       html[33m,[39m
     [90m 27 |[39m     })[33m;[39m
    [31m[1m>[22m[39m[90m 28 |[39m     console[33m.[39mlog([32m`Email sent to ${to}`[39m)[33m;[39m
     [90m    |[39m             [31m[1m^[22m[39m
     [90m 29 |[39m     [36mreturn[39m [36mtrue[39m[33m;[39m
     [90m 30 |[39m   } [36mcatch[39m (error) {
     [90m 31 |[39m     console[33m.[39merror([32m'Email send failed:'[39m[33m,[39m error[33m.[39mmessage)[33m;[39m[0m

      at error (services/notificationService.js:28:13)
      at dispatchEventCreated (services/inAppNotificationService.js:77:5)
      at controllers/eventController.js:68:3

  console.log
    prisma:error 
    Invalid `prisma.eventOrder.findUnique()` invocation in
    C:\Users\wwwsa\OneDrive\Desktop\Event_Management\backend\controllers\orderController.js:133:41
    
      130 });
      131 
      132 exports.placeOrder = asyncHandler(async (req, res) => {
    ΓåÆ 133   const order = await prisma.eventOrder.findUnique({
              where: {
            +   id: Int
              },
              include: {
                items: true,
                event: true
              }
            })
    
    Argument `id` is missing.

      at Object.mc (node_modules/@prisma/client/runtime/library.js:21:432)

  console.error
    PrismaClientValidationError: 
    Invalid `prisma.eventOrder.findUnique()` invocation in
    C:\Users\wwwsa\OneDrive\Desktop\Event_Management\backend\controllers\orderController.js:133:41
    
      130 });
      131 
      132 exports.placeOrder = asyncHandler(async (req, res) => {
    ΓåÆ 133   const order = await prisma.eventOrder.findUnique({
              where: {
            +   id: Int
              },
              include: {
                items: true,
                event: true
              }
            })
    
    Argument `id` is missing.
        at wn (C:\Users\wwwsa\OneDrive\Desktop\Event_Management\backend\node_modules\@prisma\client\runtime\library.js:29:1363)
        at $n.handleRequestError (C:\Users\wwwsa\OneDrive\Desktop\Event_Management\backend\node_modules\@prisma\client\runtime\library.js:121:6958)
        at $n.handleAndLogRequestError (C:\Users\wwwsa\OneDrive\Desktop\Event_Management\backend\node_modules\@prisma\client\runtime\library.js:121:6623)
        at $n.request (C:\Users\wwwsa\OneDrive\Desktop\Event_Management\backend\node_modules\@prisma\client\runtime\library.js:121:6307)
        at l (C:\Users\wwwsa\OneDrive\Desktop\Event_Management\backend\node_modules\@prisma\client\runtime\library.js:130:9633)
        at C:\Users\wwwsa\OneDrive\Desktop\Event_Management\backend\controllers\orderController.js:133:17

    [0m [90m 2 |[39m
     [90m 3 |[39m [36mconst[39m errorHandler [33m=[39m (err[33m,[39m req[33m,[39m res[33m,[39m _next) [33m=>[39m {
    [31m[1m>[22m[39m[90m 4 |[39m   console[33m.[39merror(err[33m.[39mstack)[33m;[39m
     [90m   |[39m           [31m[1m^[22m[39m
     [90m 5 |[39m
     [90m 6 |[39m   [90m// Prisma known request error (unique constraint, not found, etc.)[39m
     [90m 7 |[39m   [36mif[39m (err [36minstanceof[39m [33mPrisma[39m[33m.[39m[33mPrismaClientKnownRequestError[39m) {[0m

      at error (middleware/errorHandler.js:4:11)
      at Layer.handle_error (node_modules/express/lib/router/layer.js:71:5)
      at trim_prefix (node_modules/express/lib/router/index.js:326:13)
      at node_modules/express/lib/router/index.js:286:9
      at router.process_params (node_modules/express/lib/router/index.js:346:12)
      at Immediate.next (node_modules/express/lib/router/index.js:280:10)
      at Immediate._onImmediate (node_modules/express/lib/router/index.js:646:15)

  console.error
    Email send failed: Missing credentials for "PLAIN"

    [0m [90m 26 |[39m       html[33m,[39m
     [90m 27 |[39m     })[33m;[39m
    [31m[1m>[22m[39m[90m 28 |[39m     console[33m.[39mlog([32m`Email sent to ${to}`[39m)[33m;[39m
     [90m    |[39m             [31m[1m^[22m[39m
     [90m 29 |[39m     [36mreturn[39m [36mtrue[39m[33m;[39m
     [90m 30 |[39m   } [36mcatch[39m (error) {
     [90m 31 |[39m     console[33m.[39merror([32m'Email send failed:'[39m[33m,[39m error[33m.[39mmessage)[33m;[39m[0m

      at error (services/notificationService.js:28:13)
      at dispatchEventCreated (services/inAppNotificationService.js:77:5)
      at controllers/eventController.js:68:3

  console.log
    prisma:error 
    Invalid `prisma.eventActivity.findUnique()` invocation in
    C:\Users\wwwsa\OneDrive\Desktop\Event_Management\backend\controllers\activityController.js:34:47
    
      31 };
      32 
      33 exports.updateActivityProgress = asyncHandler(async (req, res) => {
    ΓåÆ 34   const activity = await prisma.eventActivity.findUnique({
             where: {
           +   id: Int
             },
             include: {
               order: true
             }
           })
    
    Argument `id` is missing.

      at Object.mc (node_modules/@prisma/client/runtime/library.js:21:432)

  console.error
    PrismaClientValidationError: 
    Invalid `prisma.eventActivity.findUnique()` invocation in
    C:\Users\wwwsa\OneDrive\Desktop\Event_Management\backend\controllers\activityController.js:34:47
    
      31 };
      32 
      33 exports.updateActivityProgress = asyncHandler(async (req, res) => {
    ΓåÆ 34   const activity = await prisma.eventActivity.findUnique({
             where: {
           +   id: Int
             },
             include: {
               order: true
             }
           })
    
    Argument `id` is missing.
        at wn (C:\Users\wwwsa\OneDrive\Desktop\Event_Management\backend\node_modules\@prisma\client\runtime\library.js:29:1363)
        at $n.handleRequestError (C:\Users\wwwsa\OneDrive\Desktop\Event_Management\backend\node_modules\@prisma\client\runtime\library.js:121:6958)
        at $n.handleAndLogRequestError (C:\Users\wwwsa\OneDrive\Desktop\Event_Management\backend\node_modules\@prisma\client\runtime\library.js:121:6623)
        at $n.request (C:\Users\wwwsa\OneDrive\Desktop\Event_Management\backend\node_modules\@prisma\client\runtime\library.js:121:6307)
        at l (C:\Users\wwwsa\OneDrive\Desktop\Event_Management\backend\node_modules\@prisma\client\runtime\library.js:130:9633)
        at C:\Users\wwwsa\OneDrive\Desktop\Event_Management\backend\controllers\activityController.js:34:20

    [0m [90m 2 |[39m
     [90m 3 |[39m [36mconst[39m errorHandler [33m=[39m (err[33m,[39m req[33m,[39m res[33m,[39m _next) [33m=>[39m {
    [31m[1m>[22m[39m[90m 4 |[39m   console[33m.[39merror(err[33m.[39mstack)[33m;[39m
     [90m   |[39m           [31m[1m^[22m[39m
     [90m 5 |[39m
     [90m 6 |[39m   [90m// Prisma known request error (unique constraint, not found, etc.)[39m
     [90m 7 |[39m   [36mif[39m (err [36minstanceof[39m [33mPrisma[39m[33m.[39m[33mPrismaClientKnownRequestError[39m) {[0m

      at error (middleware/errorHandler.js:4:11)
      at Layer.handle_error (node_modules/express/lib/router/layer.js:71:5)
      at trim_prefix (node_modules/express/lib/router/index.js:326:13)
      at node_modules/express/lib/router/index.js:286:9
      at router.process_params (node_modules/express/lib/router/index.js:346:12)
      at Immediate.next (node_modules/express/lib/router/index.js:280:10)
      at Immediate._onImmediate (node_modules/express/lib/router/index.js:646:15)

  console.error
    Email send failed: Missing credentials for "PLAIN"

    [0m [90m 26 |[39m       html[33m,[39m
     [90m 27 |[39m     })[33m;[39m
    [31m[1m>[22m[39m[90m 28 |[39m     console[33m.[39mlog([32m`Email sent to ${to}`[39m)[33m;[39m
     [90m    |[39m             [31m[1m^[22m[39m
     [90m 29 |[39m     [36mreturn[39m [36mtrue[39m[33m;[39m
     [90m 30 |[39m   } [36mcatch[39m (error) {
     [90m 31 |[39m     console[33m.[39merror([32m'Email send failed:'[39m[33m,[39m error[33m.[39mmessage)[33m;[39m[0m

      at error (services/notificationService.js:28:13)
      at dispatchEventCreated (services/inAppNotificationService.js:77:5)
      at controllers/eventController.js:68:3

  console.error
    Email send failed: Missing credentials for "PLAIN"

    [0m [90m 26 |[39m       html[33m,[39m
     [90m 27 |[39m     })[33m;[39m
    [31m[1m>[22m[39m[90m 28 |[39m     console[33m.[39mlog([32m`Email sent to ${to}`[39m)[33m;[39m
     [90m    |[39m             [31m[1m^[22m[39m
     [90m 29 |[39m     [36mreturn[39m [36mtrue[39m[33m;[39m
     [90m 30 |[39m   } [36mcatch[39m (error) {
     [90m 31 |[39m     console[33m.[39merror([32m'Email send failed:'[39m[33m,[39m error[33m.[39mmessage)[33m;[39m[0m

      at error (services/notificationService.js:28:13)
      at dispatchEventCreated (services/inAppNotificationService.js:77:5)
      at controllers/eventController.js:68:3

node.exe : FAIL tests/api.test.js (72.502 s)
At line:1 char:1
+ & "C:\Program Files\nodejs/node.exe" "C:\Program Files\nodejs/node_mo ...
+ ~~~~~~~~~~~~~~~~~~~~~~~~~~~~~~~~~~~~~~~~~~~~~~~~~~~~~~~~~~~~~~~~~~~~~
    + CategoryInfo          : NotSpecified: (FAIL tests/api.test.js (72.502 s) 
   :String) [], RemoteException
    + FullyQualifiedErrorId : NativeCommandError
 
  Auth API
    ΓêÜ POST /api/auth/register ΓÇö should register a user (2744 ms)
    ΓêÜ POST /api/auth/login ΓÇö should login (1858 ms)
    ΓêÜ POST /api/auth/register ΓÇö should register admin/vendor/customer 
users for flow tests (8175 ms)
    ΓêÜ GET /api/auth/me ΓÇö should return current user (718 ms)
  Health Check
    ΓêÜ GET /api/health ΓÇö should return ok (40 ms)
  Events API
    ├ù POST /api/events ΓÇö should create an event (15010 ms)
    ΓêÜ GET /api/events ΓÇö should list events (2504 ms)
    ├ù GET /api/events/:id ΓÇö should get single event (819 ms)
  Phase 3 API Flows
    ├ù POST /api/events ΓÇö customer should create an event for planning flow 
(15009 ms)
    ΓêÜ POST /api/packages ΓÇö vendor should create package (5951 ms)
    ├ù POST /api/orders/quote ΓÇö customer should get quote from selected 
package (710 ms)
    ├ù PATCH /api/orders/:id/place ΓÇö organizer customer should place own 
order (797 ms)
    ├ù PATCH /api/activities/:id/progress ΓÇö admin can update progress (761 
ms)
    ΓêÜ PATCH /api/activities/:id/progress ΓÇö vendor should be forbidden (802 
ms)
  Vendors API
    ΓêÜ GET /api/vendors ΓÇö should list vendors (public) (1027 ms)
  AI Suggestions
    ΓêÜ POST /api/ai/suggestions ΓÇö should return mock suggestions (945 ms)

  ΓùÅ Events API ΓÇ║ POST /api/events ΓÇö should create an event

    thrown: "Exceeded timeout of 15000 ms for a test.
    Add a timeout value to this test to increase the timeout, if this is a 
long-running test. See https://jestjs.io/docs/api#testname-fn-timeout."

    [0m [90m  95 |[39m   [36mlet[39m eventId[33m;[39m
     [90m  96 |[39m
    [31m[1m>[22m[39m[90m  97 |[39m   it([32m'POST /api/events ΓÇö 
should create an event'[39m[33m,[39m [36masync[39m () [33m=>[39m {
     [90m     |[39m   [31m[1m^[22m[39m
     [90m  98 |[39m     [36mconst[39m res [33m=[39m [36mawait[39m 
request(app)
     [90m  99 |[39m       [33m.[39mpost([32m'/api/events'[39m)
     [90m 100 |[39m       
[33m.[39m[36mset[39m([32m'Authorization'[39m[33m,[39m [32m`Bearer 
${token}`[39m)[0m

      at it (tests/api.test.js:97:3)
      at Object.describe (tests/api.test.js:94:1)

  ΓùÅ Events API ΓÇ║ GET /api/events/:id ΓÇö should get single event

    expect(received).toBe(expected) // Object.is equality

    Expected: 200
    Received: 400

    [0m [90m 123 |[39m       
[33m.[39m[36mget[39m([32m`/api/events/${eventId}`[39m)
     [90m 124 |[39m       
[33m.[39m[36mset[39m([32m'Authorization'[39m[33m,[39m [32m`Bearer 
${token}`[39m)[33m;[39m
    [31m[1m>[22m[39m[90m 125 |[39m     
expect(res[33m.[39mstatusCode)[33m.[39mtoBe([35m200[39m)[33m;[39m
     [90m     |[39m                            [31m[1m^[22m[39m
     [90m 126 |[39m     expect(res[33m.[39mbody[33m.[39mevent[33m.[39mt
itle)[33m.[39mtoBe([32m'Test Event'[39m)[33m;[39m
     [90m 127 |[39m   })[33m;[39m
     [90m 128 |[39m })[33m;[39m[0m

      at Object.toBe (tests/api.test.js:125:28)

  ΓùÅ Phase 3 API Flows ΓÇ║ POST /api/events ΓÇö customer should create an 
event for planning flow

    thrown: "Exceeded timeout of 15000 ms for a test.
    Add a timeout value to this test to increase the timeout, if this is a 
long-running test. See https://jestjs.io/docs/api#testname-fn-timeout."

    [0m [90m 129 |[39m
     [90m 130 |[39m describe([32m'Phase 3 API Flows'[39m[33m,[39m () 
[33m=>[39m {
    [31m[1m>[22m[39m[90m 131 |[39m   it([32m'POST /api/events ΓÇö 
customer should create an event for planning flow'[39m[33m,[39m 
[36masync[39m () [33m=>[39m {
     [90m     |[39m   [31m[1m^[22m[39m
     [90m 132 |[39m     [36mconst[39m res [33m=[39m [36mawait[39m 
request(app)
     [90m 133 |[39m       [33m.[39mpost([32m'/api/events'[39m)
     [90m 134 |[39m       
[33m.[39m[36mset[39m([32m'Authorization'[39m[33m,[39m [32m`Bearer 
${customerToken}`[39m)[0m

      at it (tests/api.test.js:131:3)
      at Object.describe (tests/api.test.js:130:1)

  ΓùÅ Phase 3 API Flows ΓÇ║ POST /api/orders/quote ΓÇö customer should get 
quote from selected package

    expect(received).toBe(expected) // Object.is equality

    Expected: 201
    Received: 400

    [0m [90m 187 |[39m         selections[33m:[39m [{ 
packageId[33m:[39m createdPackageId[33m,[39m criteria[33m:[39m { 
hours[33m:[39m [35m5[39m } }][33m,[39m
     [90m 188 |[39m       })[33m;[39m
    [31m[1m>[22m[39m[90m 189 |[39m     
expect(res[33m.[39mstatusCode)[33m.[39mtoBe([35m201[39m)[33m;[39m
     [90m     |[39m                            [31m[1m^[22m[39m
     [90m 190 |[39m     expect(res[33m.[39mbody[33m.[39morder)[33m.[39m
toHaveProperty([32m'quotedTotal'[39m)[33m;[39m
     [90m 191 |[39m     
expect((res[33m.[39mbody[33m.[39morder[33m.[39mitems [33m||[39m 
[])[33m.[39mlength)[33m.[39mtoBeGreaterThan([35m0[39m)[33m;[39m
     [90m 192 |[39m     createdOrderId [33m=[39m 
res[33m.[39mbody[33m.[39morder[33m.[39mid[33m;[39m[0m

      at Object.toBe (tests/api.test.js:189:28)

  ΓùÅ Phase 3 API Flows ΓÇ║ PATCH /api/orders/:id/place ΓÇö organizer customer 
should place own order

    expect(received).toBe(expected) // Object.is equality

    Expected: 200
    Received: 400

    [0m [90m 198 |[39m       
[33m.[39mpatch([32m`/api/orders/${createdOrderId}/place`[39m)
     [90m 199 |[39m       
[33m.[39m[36mset[39m([32m'Authorization'[39m[33m,[39m [32m`Bearer 
${customerToken}`[39m)[33m;[39m
    [31m[1m>[22m[39m[90m 200 |[39m     
expect(res[33m.[39mstatusCode)[33m.[39mtoBe([35m200[39m)[33m;[39m
     [90m     |[39m                            [31m[1m^[22m[39m
     [90m 201 |[39m     expect(res[33m.[39mbody[33m.[39morder[33m.[39ms
tatus)[33m.[39mtoBe([32m'placed'[39m)[33m;[39m
     [90m 202 |[39m   })[33m;[39m
     [90m 203 |[39m[0m

      at Object.toBe (tests/api.test.js:200:28)

  ΓùÅ Phase 3 API Flows ΓÇ║ PATCH /api/activities/:id/progress ΓÇö admin can 
update progress

    expect(received).toBe(expected) // Object.is equality

    Expected: 200
    Received: 400

    [0m [90m 207 |[39m       
[33m.[39m[36mset[39m([32m'Authorization'[39m[33m,[39m [32m`Bearer 
${adminToken}`[39m)
     [90m 208 |[39m       [33m.[39msend({ progressPercent[33m:[39m 
[35m55[39m[33m,[39m spendActual[33m:[39m [35m900[39m[33m,[39m 
status[33m:[39m [32m'in_progress'[39m })[33m;[39m
    [31m[1m>[22m[39m[90m 209 |[39m     
expect(res[33m.[39mstatusCode)[33m.[39mtoBe([35m200[39m)[33m;[39m
     [90m     |[39m                            [31m[1m^[22m[39m
     [90m 210 |[39m     expect(res[33m.[39mbody[33m.[39mactivity[33m.[3
9mprogressPercent)[33m.[39mtoBe([35m55[39m)[33m;[39m
     [90m 211 |[39m   })[33m;[39m
     [90m 212 |[39m[0m

      at Object.toBe (tests/api.test.js:209:28)

  console.log
    PostgreSQL connected via Prisma

      at log (config/db.js:28:13)

  console.log
    [VendorWebhook] Received form submission: testwebhook1776598623461@example.com

      at log (controllers/webhookController.js:47:13)

  console.error
    Email send failed: Missing credentials for "PLAIN"

    [0m [90m 26 |[39m       html[33m,[39m
     [90m 27 |[39m     })[33m;[39m
    [31m[1m>[22m[39m[90m 28 |[39m     console[33m.[39mlog([32m`Email sent to ${to}`[39m)[33m;[39m
     [90m    |[39m             [31m[1m^[22m[39m
     [90m 29 |[39m     [36mreturn[39m [36mtrue[39m[33m;[39m
     [90m 30 |[39m   } [36mcatch[39m (error) {
     [90m 31 |[39m     console[33m.[39merror([32m'Email send failed:'[39m[33m,[39m error[33m.[39mmessage)[33m;[39m[0m

      at error (services/notificationService.js:28:13)
      at dispatchEventCreated (services/inAppNotificationService.js:77:5)
      at controllers/eventController.js:68:3

  console.error
    Email send failed: Missing credentials for "PLAIN"

    [0m [90m 26 |[39m       html[33m,[39m
     [90m 27 |[39m     })[33m;[39m
    [31m[1m>[22m[39m[90m 28 |[39m     console[33m.[39mlog([32m`Email sent to ${to}`[39m)[33m;[39m
     [90m    |[39m             [31m[1m^[22m[39m
     [90m 29 |[39m     [36mreturn[39m [36mtrue[39m[33m;[39m
     [90m 30 |[39m   } [36mcatch[39m (error) {
     [90m 31 |[39m     console[33m.[39merror([32m'Email send failed:'[39m[33m,[39m error[33m.[39mmessage)[33m;[39m[0m

      at error (services/notificationService.js:28:13)
      at dispatchEventCreated (services/inAppNotificationService.js:77:5)
      at controllers/eventController.js:68:3

  console.error
    Email send failed: Missing credentials for "PLAIN"

    [0m [90m 26 |[39m       html[33m,[39m
     [90m 27 |[39m     })[33m;[39m
    [31m[1m>[22m[39m[90m 28 |[39m     console[33m.[39mlog([32m`Email sent to ${to}`[39m)[33m;[39m
     [90m    |[39m             [31m[1m^[22m[39m
     [90m 29 |[39m     [36mreturn[39m [36mtrue[39m[33m;[39m
     [90m 30 |[39m   } [36mcatch[39m (error) {
     [90m 31 |[39m     console[33m.[39merror([32m'Email send failed:'[39m[33m,[39m error[33m.[39mmessage)[33m;[39m[0m

      at error (services/notificationService.js:28:13)
      at dispatchEventCreated (services/inAppNotificationService.js:77:5)
      at controllers/eventController.js:68:3

  console.error
    [VendorEmail] Failed to send to testwebhook1776598623461@example.com: Missing credentials for "PLAIN"

    [0m [90m 194 |[39m     [36mreturn[39m result[33m;[39m
     [90m 195 |[39m   } [36mcatch[39m (error) {
    [31m[1m>[22m[39m[90m 196 |[39m     console[33m.[39merror([32m`[VendorEmail] Failed to send to ${to}:`[39m[33m,[39m error[33m.[39mmessage)[33m;[39m
     [90m     |[39m             [31m[1m^[22m[39m
     [90m 197 |[39m     [36mthrow[39m error[33m;[39m
     [90m 198 |[39m   }
     [90m 199 |[39m }[0m

      at error (services/vendorEmailService.js:196:13)
      at controllers/webhookController.js:69:7

  console.warn
    [VendorWebhook] Email failed (but vendor created): Missing credentials for "PLAIN"

    [0m [90m 70 |[39m       console[33m.[39mlog([32m'[VendorWebhook] Confirmation email sent to:'[39m[33m,[39m vendor[33m.[39mcontactEmail)[33m;[39m
     [90m 71 |[39m     } [36mcatch[39m (emailError) {
    [31m[1m>[22m[39m[90m 72 |[39m       console[33m.[39mwarn([32m'[VendorWebhook] Email failed (but vendor created):'[39m[33m,[39m emailError[33m.[39mmessage)[33m;[39m
     [90m    |[39m               [31m[1m^[22m[39m
     [90m 73 |[39m     }
     [90m 74 |[39m
     [90m 75 |[39m     console[33m.[39mlog([32m'[VendorWebhook] Γ£ô Successfully processed:'[39m[33m,[39m syncResult[33m.[39mvendorId)[33m;[39m[0m

      at warn (controllers/webhookController.js:72:15)

  console.log
    [VendorWebhook] Γ£ô Successfully processed: 30

      at log (controllers/webhookController.js:75:13)

  console.error
    Email send failed: Missing credentials for "PLAIN"

    [0m [90m 26 |[39m       html[33m,[39m
     [90m 27 |[39m     })[33m;[39m
    [31m[1m>[22m[39m[90m 28 |[39m     console[33m.[39mlog([32m`Email sent to ${to}`[39m)[33m;[39m
     [90m    |[39m             [31m[1m^[22m[39m
     [90m 29 |[39m     [36mreturn[39m [36mtrue[39m[33m;[39m
     [90m 30 |[39m   } [36mcatch[39m (error) {
     [90m 31 |[39m     console[33m.[39merror([32m'Email send failed:'[39m[33m,[39m error[33m.[39mmessage)[33m;[39m[0m

      at error (services/notificationService.js:28:13)
      at dispatchEventCreated (services/inAppNotificationService.js:77:5)
      at controllers/eventController.js:68:3

  console.error
    Email send failed: Missing credentials for "PLAIN"

    [0m [90m 26 |[39m       html[33m,[39m
     [90m 27 |[39m     })[33m;[39m
    [31m[1m>[22m[39m[90m 28 |[39m     console[33m.[39mlog([32m`Email sent to ${to}`[39m)[33m;[39m
     [90m    |[39m             [31m[1m^[22m[39m
     [90m 29 |[39m     [36mreturn[39m [36mtrue[39m[33m;[39m
     [90m 30 |[39m   } [36mcatch[39m (error) {
     [90m 31 |[39m     console[33m.[39merror([32m'Email send failed:'[39m[33m,[39m error[33m.[39mmessage)[33m;[39m[0m

      at error (services/notificationService.js:28:13)
      at dispatchEventCreated (services/inAppNotificationService.js:77:5)
      at controllers/eventController.js:68:3

PASS tests/webhook.test.js (18.466 s)
  Webhook API
    ΓêÜ POST /api/webhooks/vendor-form - should process a valid webhook (5734 
ms)
    ΓêÜ POST /api/webhooks/vendor-form - should fail with invalid email (48 ms)

PASS tests/googleContactsCsv.test.js
  parseGoogleContactsCsv
    ΓêÜ parses Google-style headers into contacts (27 ms)

Test Suites: 1 failed, 2 passed, 3 total
Tests:       6 failed, 13 passed, 19 total
Snapshots:   0 total
Time:        91.83 s
Ran all test suites.

Jest has detected the following 2 open handles potentially keeping Jest from 
exiting:

  ΓùÅ  TCPSERVERWRAP

    [0m [90m  97 |[39m   it([32m'POST /api/events ΓÇö should create an 
event'[39m[33m,[39m [36masync[39m () [33m=>[39m {
     [90m  98 |[39m     [36mconst[39m res [33m=[39m [36mawait[39m 
request(app)
    [31m[1m>[22m[39m[90m  99 |[39m       
[33m.[39mpost([32m'/api/events'[39m)
     [90m     |[39m        [31m[1m^[22m[39m
     [90m 100 |[39m       
[33m.[39m[36mset[39m([32m'Authorization'[39m[33m,[39m [32m`Bearer 
${token}`[39m)
     [90m 101 |[39m       [33m.[39msend({
     [90m 102 |[39m         title[33m:[39m [32m'Test 
Event'[39m[33m,[39m[0m

      at Test.serverAddress (node_modules/supertest/lib/test.js:48:35)
      at new Test (node_modules/supertest/lib/test.js:34:14)
      at Object.obj.<computed> [as post] 
(node_modules/supertest/index.js:43:18)
      at Object.post (tests/api.test.js:99:8)


  ΓùÅ  TCPSERVERWRAP

    [0m [90m 131 |[39m   it([32m'POST /api/events ΓÇö customer should 
create an event for planning flow'[39m[33m,[39m [36masync[39m () 
[33m=>[39m {
     [90m 132 |[39m     [36mconst[39m res [33m=[39m [36mawait[39m 
request(app)
    [31m[1m>[22m[39m[90m 133 |[39m       
[33m.[39mpost([32m'/api/events'[39m)
     [90m     |[39m        [31m[1m^[22m[39m
     [90m 134 |[39m       
[33m.[39m[36mset[39m([32m'Authorization'[39m[33m,[39m [32m`Bearer 
${customerToken}`[39m)
     [90m 135 |[39m       [33m.[39msend({
     [90m 136 |[39m         title[33m:[39m [32m'Customer Planned 
Event'[39m[33m,[39m[0m

      at Test.serverAddress (node_modules/supertest/lib/test.js:48:35)
      at new Test (node_modules/supertest/lib/test.js:34:14)
      at Object.obj.<computed> [as post] 
(node_modules/supertest/index.js:43:18)
      at Object.post (tests/api.test.js:133:8)

